<html>
<body>
<pre>
<h1>礦ision Build Log</h1>
<h2>Tool Versions:</h2>
IDE-Version: μVision V5.40.0.0
Copyright (C) 2024 ARM Ltd and ARM Germany GmbH. All rights reserved.
License Information: deng Lan7NASA666@outlook.com, australia, LIC=MPPLD-88FK1-FWG2N-YUECC-XZRPW-1JW21
 
Tool Versions:
Toolchain:       MDK-ARM Plus  Version: 5.40.0.3
Toolchain Path:  E:\keil_v5NEW\ARM\ARMCC\Bin
C Compiler:      Armcc.exe V5.06 update 7 (build 960)
Assembler:       Armasm.exe V5.06 update 7 (build 960)
Linker/Locator:  ArmLink.exe V5.06 update 7 (build 960)
Library Manager: ArmAr.exe V5.06 update 7 (build 960)
Hex Converter:   FromElf.exe V5.06 update 7 (build 960)
CPU DLL:         SARMCM3.DLL V5.40.0.3
Dialog DLL:      DARMSTM.DLL V1.69.1.0
Target DLL:      CMSIS_AGDI.dll V1.33.18.0
Dialog DLL:      TARMSTM.DLL V1.67.1.0
 
<h2>Project:</h2>
E:\keil_v5\rubish\stm32\自己写的代码\Project.uvprojx
Project File Date:  08/10/2024

<h2>Output:</h2>
*** Using Compiler 'V5.06 update 7 (build 960)', folder: 'E:\keil_v5NEW\ARM\ARMCC\Bin'
Build target 'Target 1'
compiling main.c...
.\HARDWARE\task.h(5): warning:  #1295-D: Deprecated declaration task01 - give arg types
  void task01();
.\HARDWARE\task.h(6): warning:  #1295-D: Deprecated declaration task02 - give arg types
  void task02();
.\HARDWARE\task.h(7): warning:  #1295-D: Deprecated declaration task03 - give arg types
  void task03();
.\HARDWARE\task.h(8): warning:  #1295-D: Deprecated declaration task04 - give arg types
  void task04();
.\HARDWARE\Key.h(4): warning:  #1295-D: Deprecated declaration Key_GetNumber - give arg types
  uint8_t Key_GetNumber();
.\HARDWARE\Key.h(5): warning:  #1295-D: Deprecated declaration KeyInit - give arg types
  void KeyInit();
.\System\PID.h(25): warning:  #1295-D: Deprecated declaration pid_control - give arg types
  void pid_control();
.\HARDWARE\Motor.h(5): warning:  #1295-D: Deprecated declaration Turn_right - give arg types
  void Turn_right();
.\HARDWARE\Motor.h(6): warning:  #1295-D: Deprecated declaration Turn_left - give arg types
  void Turn_left();
.\HARDWARE\Motor.h(7): warning:  #1295-D: Deprecated declaration Turn_Rotate - give arg types
  void Turn_Rotate();
.\HARDWARE\Motor.h(10): warning:  #1295-D: Deprecated declaration Turn_left_F - give arg types
  void Turn_left_F();
.\HARDWARE\Motor.h(11): warning:  #1295-D: Deprecated declaration Turn_right_F - give arg types
  void Turn_right_F();
.\HARDWARE\Motor.h(12): warning:  #1295-D: Deprecated declaration Turn_Rotate_F - give arg types
  void Turn_Rotate_F();
.\HARDWARE\Motor.h(14): warning:  #1295-D: Deprecated declaration Stop - give arg types
  void Stop();
.\HARDWARE\Motor.h(17): warning:  #1295-D: Deprecated declaration Turn_left_45 - give arg types
  void Turn_left_45();
.\HARDWARE\Motor.h(18): warning:  #1295-D: Deprecated declaration Turn_left_67 - give arg types
  void Turn_left_67();
.\HARDWARE\Motor.h(19): warning:  #1295-D: Deprecated declaration Turn_left_78 - give arg types
  void Turn_left_78();
.\HARDWARE\Motor.h(20): warning:  #1295-D: Deprecated declaration Turn_right_45 - give arg types
  void Turn_right_45();
.\HARDWARE\Motor.h(21): warning:  #1295-D: Deprecated declaration Turn_right_67 - give arg types
  void Turn_right_67();
.\HARDWARE\Motor.h(22): warning:  #1295-D: Deprecated declaration Turn_right_78 - give arg types
  void Turn_right_78();
.\HARDWARE\track.h(4): warning:  #1295-D: Deprecated declaration track - give arg types
  uint8_t track();
User\main.c: 21 warnings, 0 errors
linking...
Program Size: Code=3192 RO-data=268 RW-data=8 ZI-data=1632  
".\Objects\Project.axf" - 0 Error(s), 21 Warning(s).

<h2>Software Packages used:</h2>

Package Vendor: Keil
                https://www.keil.com/pack/Keil.STM32F1xx_DFP.2.4.1.pack
                Keil::STM32F1xx_DFP@2.4.1
                STMicroelectronics STM32F1 Series Device Support, Drivers and Examples

<h2>Collection of Component include folders:</h2>
  E:/keil_v5NEW/Keil/STM32F1xx_DFP/2.4.1/Device/Include

<h2>Collection of Component Files used:</h2>
Build Time Elapsed:  00:00:01
</pre>
</body>
</html>
